Microchip MPLAB XC8 Compiler V3.10

Linker command line:

-W-3 --edf=/opt/microchip/xc8/v3.10/pic/dat/20250813170317_en.msgs -cn \
  -h+dist/default/production/SSD-Driver.X.production.sym \
  --cmf=dist/default/production/SSD-Driver.X.production.cmf -z -Q16F877A \
  -o/tmp/xcXdMFHGn/driver_tmp_3.o --defsym=__MPLAB_BUILD=1 \
  --fixupoverflow=error \
  -Mdist/default/production/SSD-Driver.X.production.map \
  --md=/tmp/xcXdMFHGn/driver_tmp_0.dat -E1 -ver=XC8 Compiler \
  -ACODE=00h-07FFhx4 -ASTRCODE=00h-01FFFh -ASTRING=00h-0FFhx32 \
  -ACONST=00h-0FFhx32 -AENTRY=00h-0FFhx32 -ACOMMON=070h-07Fh \
  -ABANK0=020h-06Fh -ABANK1=0A0h-0EFh -ABANK2=0110h-016Fh \
  -ABANK3=0190h-01EFh -ARAM=020h-06Fh,0A0h-0EFh,0110h-016Fh,0190h-01EFh \
  -AABS1=020h-07Fh,0A0h-0EFh,0110h-016Fh,0190h-01EFh -ASFR0=00h-01Fh \
  -ASFR1=080h-09Fh -ASFR2=0100h-010Fh -ASFR3=0180h-018Fh \
  -ACONFIG=02007h-02007h -DCONFIG=2 -AIDLOC=02000h-02003h -DIDLOC=2 \
  -AEEDATA=00h-0FFh/02100h -peeprom_data=EEDATA -DEEDATA=2 -DCODE=2 \
  -DSTRCODE=2 -DSTRING=2 -DCONST=2 -DENTRY=2 \
  -preset_vec=00h,intentry,sivt,init,end_init -ppowerup=CODE -pcinit=CODE \
  -pfunctab=ENTRY -k /tmp/xcXdMFHGn/driver_tmp_12.o \
  dist/default/production/SSD-Driver.X.production.o 

Object code version is 3.11

Machine type is 16F877A



                Name                               Link     Load   Length Selector   Space Scale
/tmp/xcXdMFHGn/driver_tmp_12.o
                end_init                              0        0        3        0       0
                config                             2007     2007        1        0       4
dist/default/production/SSD-Driver.X.production.o
                cinit                               7EE      7EE       12      FDC       0
                config                             2007     2007        1        0       4
                text5                               699      699       42      D32       0
                text4                               661      661       38      CC2       0
                text3                               6DB      6DB       53      DB6       0
                text2                               642      642        C      C84       0
                text1                               632      632        6      C64       0
                maintext                            72E      72E       C0      E5C       0
                cstackBANK0                          20       20       16       20       1
                cstackCOMMON                         70       70        C       70       1
                inittext                            64E      64E       13      C9C       0
                dataBANK0                            36       36        A       20       1
                idataBANK0                          638      638        A      C70       0

TOTAL           Name                               Link     Load   Length     Space
        CLASS   CODE           
                end_init                              0        0        3         0
                cinit                               7EE      7EE       12         0
                text5                               699      699       42         0
                text4                               661      661       38         0
                text3                               6DB      6DB       53         0
                text2                               642      642        C         0
                text1                               632      632        6         0
                maintext                            72E      72E       C0         0
                inittext                            64E      64E       13         0
                idataBANK0                          638      638        A         0

        CLASS   STRCODE        

        CLASS   STRING         

        CLASS   CONST          

        CLASS   ENTRY          

        CLASS   COMMON         
                cstackCOMMON                         70       70        C         1

        CLASS   BANK0          
                cstackBANK0                          20       20       16         1
                dataBANK0                            36       36        A         1

        CLASS   BANK1          

        CLASS   BANK2          

        CLASS   BANK3          

        CLASS   RAM            

        CLASS   ABS1           
                abs_s1                               7E       7E        2         1

        CLASS   SFR0           

        CLASS   SFR1           

        CLASS   SFR2           

        CLASS   SFR3           

        CLASS   CONFIG         
                config                             2007     2007        1         4

        CLASS   IDLOC          

        CLASS   EEDATA         

        CLASS   HEAP           

        CLASS   STACK          



SEGMENTS        Name                           Load    Length   Top    Selector   Space  Class     Delta

                text5                          000699  000042  0006DB       D32       0  CODE        2
                inittext                       00064E  000013  000661       C9C       0  CODE        2
                text4                          000661  000038  000699       CC2       0  CODE        2
                text3                          0006DB  000053  00072E       DB6       0  CODE        2
                reset_vec                      000000  000003  000003         0       0  CODE        2
                maintext                       00072E  0000C0  0007EE       E5C       0  CODE        2
                text2                          000642  00000C  00064E       C84       0  CODE        2
                idataBANK0                     000638  00000A  000642       C70       0  CODE        2
                text1                          000632  000006  000638       C64       0  CODE        2
                cstackBANK0                    000020  000020  000040        20       1  BANK0       1
                cinit                          0007EE  000012  000800       FDC       0  CODE        2
                cstackCOMMON                   000070  00000C  00007C        70       1  COMMON      1


UNUSED ADDRESS RANGES

        Name                Unused          Largest block    Delta
        BANK0            0040-006F             30           1
        BANK1            00A0-00EF             50           1
        BANK2            0110-016F             60           1
        BANK3            0190-01EF             60           1
        CODE             0003-0631            62F           2
                         0800-1FFF            800
        COMMON           007C-007D              2           1
        CONST            0003-0631            100           2
                         0800-1FFF            100
        EEDATA           2100-21FF            100           2
        ENTRY            0003-0631            100           2
                         0800-1FFF            100
        IDLOC            2000-2003              4           2
        RAM              0040-006F             30           1
                         00A0-00EF             50
                         0110-016F             60
                         0190-01EF             60
        SFR0             0000-001F             20           1
        SFR1             0080-009F             20           1
        SFR2             0100-010F             10           1
        SFR3             0180-018F             10           1
        STRCODE          0003-0631            62F           2
                         0800-1FFF           1800
        STRING           0003-0631            100           2
                         0800-1FFF            100

                                  Symbol Table

?___lwdiv                cstackCOMMON 0075
?___lwmod                cstackCOMMON 0070
_PORTA                   (abs)        0005
_PORTD                   (abs)        0008
_TRISA                   (abs)        0085
_TRISD                   (abs)        0088
__H__absolute__          __absolute__ 0000
__Habs1                  abs1         0000
__Hbank0                 bank0        0000
__Hbank1                 bank1        0000
__Hbank2                 bank2        0000
__Hbank3                 bank3        0000
__Hcinit                 cinit        0800
__Hclrtext               clrtext      0000
__Hcode                  code         0000
__Hcommon                common       0000
__Hconfig                config       2008
__HcstackBANK0           cstackBANK0  0000
__HcstackCOMMON          cstackCOMMON 0000
__HdataBANK0             dataBANK0    0000
__Heeprom_data           eeprom_data  0000
__Hend_init              end_init     0003
__Hfunctab               functab      0000
__Hheap                  heap         0000
__HidataBANK0            idataBANK0   0000
__Hinit                  init         0000
__Hinittext              inittext     0000
__Hintentry              intentry     0000
__Hmaintext              maintext     0000
__Hpowerup               powerup      0000
__Hram                   ram          0000
__Hreset_vec             reset_vec    0000
__Hsfr0                  sfr0         0000
__Hsfr1                  sfr1         0000
__Hsfr2                  sfr2         0000
__Hsfr3                  sfr3         0000
__Hsivt                  sivt         0000
__Hspace_0               (abs)        0800
__Hspace_1               (abs)        007C
__Hspace_2               (abs)        0000
__Hspace_3               (abs)        0000
__Hspace_4               (abs)        400F
__Hstack                 stack        0000
__Hstrings               strings      0000
__Htext                  text         0000
__L__absolute__          __absolute__ 0000
__Labs1                  abs1         0000
__Lbank0                 bank0        0000
__Lbank1                 bank1        0000
__Lbank2                 bank2        0000
__Lbank3                 bank3        0000
__Lcinit                 cinit        07EE
__Lclrtext               clrtext      0000
__Lcode                  code         0000
__Lcommon                common       0000
__Lconfig                config       0000
__LcstackBANK0           cstackBANK0  0000
__LcstackCOMMON          cstackCOMMON 0000
__LdataBANK0             dataBANK0    0000
__Leeprom_data           eeprom_data  0000
__Lend_init              end_init     0000
__Lfunctab               functab      0000
__Lheap                  heap         0000
__LidataBANK0            idataBANK0   0000
__Linit                  init         0000
__Linittext              inittext     0000
__Lintentry              intentry     0000
__Lmaintext              maintext     0000
__Lpowerup               powerup      0000
__Lram                   ram          0000
__Lreset_vec             reset_vec    0000
__Lsfr0                  sfr0         0000
__Lsfr1                  sfr1         0000
__Lsfr2                  sfr2         0000
__Lsfr3                  sfr3         0000
__Lsivt                  sivt         0000
__Lspace_0               (abs)        0000
__Lspace_1               (abs)        0000
__Lspace_2               (abs)        0000
__Lspace_3               (abs)        0000
__Lspace_4               (abs)        0000
__Lstack                 stack        0000
__Lstrings               strings      0000
__Ltext                  text         0000
__S0                     (abs)        0800
__S1                     (abs)        007C
__S3                     (abs)        0000
___heap_hi               (abs)        0000
___heap_lo               (abs)        0000
___int_sp                stack        0000
___int_stack_hi          stack        0000
___int_stack_lo          stack        0000
___latbits               (abs)        0002
___lwdiv                 text5        0699
___lwdiv@counter         cstackCOMMON 007B
___lwdiv@dividend        cstackCOMMON 0077
___lwdiv@divisor         cstackCOMMON 0075
___lwdiv@quotient        cstackCOMMON 0079
___lwmod                 text4        0661
___lwmod@counter         cstackCOMMON 0074
___lwmod@dividend        cstackCOMMON 0072
___lwmod@divisor         cstackCOMMON 0070
___sp                    stack        0000
___stack_hi              stack        0000
___stack_lo              stack        0000
___stackhi               (abs)        0000
___stacklo               (abs)        0000
__end_of___lwdiv         text5        06DB
__end_of___lwmod         text4        0699
__end_of__initialization cinit        07FC
__end_of_display         text3        072E
__end_of_init_config     text1        0638
__end_of_init_ssd        text2        064E
__end_of_main            maintext     07EE
__initialization         cinit        07EE
__pcstackBANK0           cstackBANK0  0020
__pcstackCOMMON          cstackCOMMON 0070
__pdataBANK0             dataBANK0    0036
__pidataBANK0            idataBANK0   0638
__pmaintext              maintext     072E
__ptext1                 text1        0632
__ptext2                 text2        0642
__ptext3                 text3        06DB
__ptext4                 text4        0661
__ptext5                 text5        0699
_display                 text3        06DB
_init_config             text1        0632
_init_ssd                text2        0642
_main                    maintext     072E
btemp                    (abs)        007E
btemp0                   (abs)        007E
btemp1                   (abs)        007F
display@data             cstackCOMMON 0070
display@digit            cstackCOMMON 0079
display@wait             cstackCOMMON 0075
end_of_initialization    cinit        07FC
init_fetch0              inittext     064E
init_ram0                inittext     0652
intlevel0                functab      0000
intlevel1                functab      0000
intlevel2                functab      0000
intlevel3                functab      0000
intlevel4                functab      0000
intlevel5                functab      0000
ltemp0a                  (abs)        0080
main@F988                dataBANK0    0036
main@count               cstackBANK0  0034
main@delay               cstackBANK0  0032
main@digit               cstackBANK0  0024
main@ssd                 cstackBANK0  002E
reset_vec                reset_vec    0000
start                    init         0000
start_initialization     cinit        07EE
ttemp0a                  (abs)        007F
wtemp0                   (abs)        007E
wtemp0a                  (abs)        007F


MODULE INFORMATION

Module		Function		Class		Link	Load	Size
ssd.c
		_init_ssd      		CODE           	0642	0000	12
		_display       		CODE           	06DB	0000	83

ssd.c estimated size: 95

/opt/microchip/xc8/v3.10/pic/sources/c99/common/lwmod.c
		___lwmod       		CODE           	0661	0000	56

/opt/microchip/xc8/v3.10/pic/sources/c99/common/lwmod.c estimated size: 56

shared
		__initialization		CODE           	07EE	0000	14

shared estimated size: 14

/opt/microchip/xc8/v3.10/pic/sources/c99/common/lwdiv.c
		___lwdiv       		CODE           	0699	0000	66

/opt/microchip/xc8/v3.10/pic/sources/c99/common/lwdiv.c estimated size: 66

main.c
		_main          		CODE           	072E	0000	192
		_init_config   		CODE           	0632	0000	6

main.c estimated size: 198

