Microchip MPLAB XC8 Compiler V3.10

Linker command line:

-W-3 --edf=/opt/microchip/xc8/v3.10/pic/dat/20250813170317_en.msgs -cn \
  -h+dist/default/production/MultiChannelDetection.X.production.sym \
  --cmf=dist/default/production/MultiChannelDetection.X.production.cmf -z \
  -Q16F877A -o/tmp/xcXmdBDPh/driver_tmp_3.o --defsym=__MPLAB_BUILD=1 \
  --fixupoverflow=error \
  -Mdist/default/production/MultiChannelDetection.X.production.map \
  --md=/tmp/xcXmdBDPh/driver_tmp_0.dat -E1 -ver=XC8 Compiler \
  -ACODE=00h-07FFhx4 -ASTRCODE=00h-01FFFh -ASTRING=00h-0FFhx32 \
  -ACONST=00h-0FFhx32 -AENTRY=00h-0FFhx32 -ACOMMON=070h-07Fh \
  -ABANK0=020h-06Fh -ABANK1=0A0h-0EFh -ABANK2=0110h-016Fh \
  -ABANK3=0190h-01EFh -ARAM=020h-06Fh,0A0h-0EFh,0110h-016Fh,0190h-01EFh \
  -AABS1=020h-07Fh,0A0h-0EFh,0110h-016Fh,0190h-01EFh -ASFR0=00h-01Fh \
  -ASFR1=080h-09Fh -ASFR2=0100h-010Fh -ASFR3=0180h-018Fh \
  -ACONFIG=02007h-02007h -DCONFIG=2 -AIDLOC=02000h-02003h -DIDLOC=2 \
  -AEEDATA=00h-0FFh/02100h -peeprom_data=EEDATA -DEEDATA=2 -DCODE=2 \
  -DSTRCODE=2 -DSTRING=2 -DCONST=2 -DENTRY=2 \
  -preset_vec=00h,intentry,sivt,init,end_init -ppowerup=CODE -pcinit=CODE \
  -pfunctab=ENTRY -k /tmp/xcXmdBDPh/driver_tmp_12.o \
  dist/default/production/MultiChannelDetection.X.production.o 

Object code version is 3.11

Machine type is 16F877A



                Name                               Link     Load   Length Selector   Space Scale
/tmp/xcXmdBDPh/driver_tmp_12.o
                end_init                              0        0        3        0       0
                config                             2007     2007        1        0       4
                idloc                              2000     2000        4        0       5
dist/default/production/MultiChannelDetection.X.production.o
                cinit                               7FC      7FC        4      FF8       0
                config                             2007     2007        1        0       4
                idloc                              2000     2000        4        0       5
                text10                              6B2      6B2       42      D64       0
                text9                               67A      67A       38      CF4       0
                text8                               644      644       36      C88       0
                text7                               615      615       2F      C2A       0
                text6                               757      757       A5      EAE       0
                text5                               5A0      5A0        7      B40       0
                text4                               6F4      6F4       63      DE8       0
                text3                               5A7      5A7        B      B4E       0
                text2                               5B2      5B2       16      B64       0
                text1                               5C8      5C8       1F      B90       0
                maintext                            5E7      5E7       2E      BCE       0
                cstackBANK0                          20       20        B       20       1
                cstackCOMMON                         70       70        B       70       1
                strings                               3        3       21        6       0

TOTAL           Name                               Link     Load   Length     Space
        CLASS   CODE           
                end_init                              0        0        3         0
                cinit                               7FC      7FC        4         0
                text10                              6B2      6B2       42         0
                text9                               67A      67A       38         0
                text8                               644      644       36         0
                text7                               615      615       2F         0
                text6                               757      757       A5         0
                text5                               5A0      5A0        7         0
                text4                               6F4      6F4       63         0
                text3                               5A7      5A7        B         0
                text2                               5B2      5B2       16         0
                text1                               5C8      5C8       1F         0
                maintext                            5E7      5E7       2E         0

        CLASS   STRCODE        

        CLASS   STRING         
                strings                               3        3       21         0

        CLASS   CONST          

        CLASS   ENTRY          

        CLASS   COMMON         
                cstackCOMMON                         70       70        B         1

        CLASS   BANK0          
                cstackBANK0                          20       20        B         1

        CLASS   BANK1          

        CLASS   BANK2          

        CLASS   BANK3          

        CLASS   RAM            

        CLASS   ABS1           
                abs_s1                               7E       7E        2         1

        CLASS   SFR0           

        CLASS   SFR1           

        CLASS   SFR2           

        CLASS   SFR3           

        CLASS   CONFIG         
                config                             2007     2007        1         4

        CLASS   IDLOC          
                idloc                              2000     2000        4         5

        CLASS   EEDATA         

        CLASS   HEAP           

        CLASS   STACK          



SEGMENTS        Name                           Load    Length   Top    Selector   Space  Class     Delta

                strings                        000003  000021  000024         6       0  STRING      2
                text7                          000615  00002F  000644       C2A       0  CODE        2
                maintext                       0005E7  00002E  000615       BCE       0  CODE        2
                reset_vec                      000000  000003  000003         0       0  CODE        2
                text1                          0005C8  00001F  0005E7       B90       0  CODE        2
                text8                          000644  000036  00067A       C88       0  CODE        2
                text9                          00067A  000038  0006B2       CF4       0  CODE        2
                text3                          0005A7  00000B  0005B2       B4E       0  CODE        2
                text5                          0005A0  000007  0005A7       B40       0  CODE        2
                text2                          0005B2  000016  0005C8       B64       0  CODE        2
                text10                         0006B2  000042  0006F4       D64       0  CODE        2
                cstackBANK0                    000020  00000B  00002B        20       1  BANK0       1
                cinit                          0007FC  000004  000800       FF8       0  CODE        2
                cstackCOMMON                   000070  00000B  00007B        70       1  COMMON      1
                text4                          0006F4  000063  000757       DE8       0  CODE        2
                text6                          000757  0000A5  0007FC       EAE       0  CODE        2


UNUSED ADDRESS RANGES

        Name                Unused          Largest block    Delta
        BANK0            002B-006F             45           1
        BANK1            00A0-00EF             50           1
        BANK2            0110-016F             60           1
        BANK3            0190-01EF             60           1
        CODE             0024-059F            57C           2
                         0800-1FFF            800
        COMMON           007B-007D              3           1
        CONST            0024-059F            100           2
                         0800-1FFF            100
        EEDATA           2100-21FF            100           2
        ENTRY            0024-059F            100           2
                         0800-1FFF            100
        RAM              002B-006F             45           1
                         00A0-00EF             50
                         0110-016F             60
                         0190-01EF             60
        SFR0             0000-001F             20           1
        SFR1             0080-009F             20           1
        SFR2             0100-010F             10           1
        SFR3             0180-018F             10           1
        STRCODE          0024-059F            57C           2
                         0800-1FFF           1800
        STRING           0024-059F            100           2
                         0800-1FFF            100

                                  Symbol Table

?___lwdiv                        cstackCOMMON 0070
?___lwmod                        cstackCOMMON 0070
?_read_adc                       cstackCOMMON 0070
_ADCON0                          (abs)        001F
_ADFM                            (abs)        04FF
_ADON                            (abs)        00F8
_ADRESH                          (abs)        001E
_ADRESL                          (abs)        009E
_GO                              (abs)        00FA
_PORTD                           (abs)        0008
_RE1                             (abs)        0049
_RE2                             (abs)        004A
_TRISD                           (abs)        0088
_TRISE1                          (abs)        0449
_TRISE2                          (abs)        044A
__H__absolute__                  __absolute__ 0000
__Habs1                          abs1         0000
__Hbank0                         bank0        0000
__Hbank1                         bank1        0000
__Hbank2                         bank2        0000
__Hbank3                         bank3        0000
__Hcinit                         cinit        0800
__Hclrtext                       clrtext      0000
__Hcode                          code         0000
__Hcommon                        common       0000
__Hconfig                        config       2008
__HcstackBANK0                   cstackBANK0  0000
__HcstackCOMMON                  cstackCOMMON 0000
__Heeprom_data                   eeprom_data  0000
__Hend_init                      end_init     0003
__Hfunctab                       functab      0000
__Hheap                          heap         0000
__Hidloc                         idloc        2004
__Hinit                          init         0000
__Hintentry                      intentry     0000
__Hmaintext                      maintext     0000
__Hpowerup                       powerup      0000
__Hram                           ram          0000
__Hreset_vec                     reset_vec    0000
__Hsfr0                          sfr0         0000
__Hsfr1                          sfr1         0000
__Hsfr2                          sfr2         0000
__Hsfr3                          sfr3         0000
__Hsivt                          sivt         0000
__Hspace_0                       (abs)        0800
__Hspace_1                       (abs)        007B
__Hspace_2                       (abs)        0000
__Hspace_3                       (abs)        0000
__Hspace_4                       (abs)        400F
__Hstack                         stack        0000
__Hstrings                       strings      0000
__Htext                          text         0000
__L__absolute__                  __absolute__ 0000
__Labs1                          abs1         0000
__Lbank0                         bank0        0000
__Lbank1                         bank1        0000
__Lbank2                         bank2        0000
__Lbank3                         bank3        0000
__Lcinit                         cinit        07FC
__Lclrtext                       clrtext      0000
__Lcode                          code         0000
__Lcommon                        common       0000
__Lconfig                        config       0000
__LcstackBANK0                   cstackBANK0  0000
__LcstackCOMMON                  cstackCOMMON 0000
__Leeprom_data                   eeprom_data  0000
__Lend_init                      end_init     0000
__Lfunctab                       functab      0000
__Lheap                          heap         0000
__Lidloc                         idloc        0000
__Linit                          init         0000
__Lintentry                      intentry     0000
__Lmaintext                      maintext     0000
__Lpowerup                       powerup      0000
__Lram                           ram          0000
__Lreset_vec                     reset_vec    0000
__Lsfr0                          sfr0         0000
__Lsfr1                          sfr1         0000
__Lsfr2                          sfr2         0000
__Lsfr3                          sfr3         0000
__Lsivt                          sivt         0000
__Lspace_0                       (abs)        0000
__Lspace_1                       (abs)        0000
__Lspace_2                       (abs)        0000
__Lspace_3                       (abs)        0000
__Lspace_4                       (abs)        0000
__Lstack                         stack        0000
__Lstrings                       strings      0000
__Ltext                          text         0000
__S0                             (abs)        0800
__S1                             (abs)        007B
__S3                             (abs)        0000
___heap_hi                       (abs)        0000
___heap_lo                       (abs)        0000
___int_sp                        stack        0000
___int_stack_hi                  stack        0000
___int_stack_lo                  stack        0000
___latbits                       (abs)        0002
___lwdiv                         text10       06B2
___lwdiv@counter                 cstackCOMMON 0076
___lwdiv@dividend                cstackCOMMON 0072
___lwdiv@divisor                 cstackCOMMON 0070
___lwdiv@quotient                cstackCOMMON 0074
___lwmod                         text9        067A
___lwmod@counter                 cstackCOMMON 0074
___lwmod@dividend                cstackCOMMON 0072
___lwmod@divisor                 cstackCOMMON 0070
___sp                            stack        0000
___stack_hi                      stack        0000
___stack_lo                      stack        0000
___stackhi                       (abs)        0000
___stacklo                       (abs)        0000
__end_of___lwdiv                 text10       06F4
__end_of___lwmod                 text9        06B2
__end_of__initialization         cinit        07FC
__end_of__stringtab              strings      0013
__end_of_clcd_print              text7        0644
__end_of_clcd_write              text8        067A
__end_of_display                 text6        07FC
__end_of_init_adc                text5        05A7
__end_of_init_clcd               text3        05B2
__end_of_init_config             text2        05C8
__end_of_init_display_controller text4        0757
__end_of_main                    maintext     0615
__end_of_read_adc                text1        05E7
__initialization                 cinit        07FC
__pcstackBANK0                   cstackBANK0  0020
__pcstackCOMMON                  cstackCOMMON 0070
__pmaintext                      maintext     05E7
__pstrings                       strings      0003
__ptext1                         text1        05C8
__ptext10                        text10       06B2
__ptext2                         text2        05B2
__ptext3                         text3        05A7
__ptext4                         text4        06F4
__ptext5                         text5        05A0
__ptext6                         text6        0757
__ptext7                         text7        0615
__ptext8                         text8        0644
__ptext9                         text9        067A
__stringbase                     strings      0012
__stringtab                      strings      0003
_clcd_print                      text7        0615
_clcd_write                      text8        0644
_display                         text6        0757
_init_adc                        text5        05A0
_init_clcd                       text3        05A7
_init_config                     text2        05B2
_init_display_controller         text4        06F4
_main                            maintext     05E7
_nDONE                           (abs)        00FA
_read_adc                        text1        05C8
btemp                            (abs)        007E
btemp0                           (abs)        007E
btemp1                           (abs)        007F
clcd_print@addr                  cstackCOMMON 0076
clcd_print@str                   cstackCOMMON 0074
clcd_write@byte                  cstackCOMMON 0073
clcd_write@mode                  cstackCOMMON 0070
display@adc_reg_val_1            cstackCOMMON 0077
display@adc_reg_val_2            cstackCOMMON 0079
display@buff                     cstackBANK0  0020
display@i                        cstackBANK0  0025
end_of_initialization            cinit        07FC
intlevel0                        functab      0000
intlevel1                        functab      0000
intlevel2                        functab      0000
intlevel3                        functab      0000
intlevel4                        functab      0000
intlevel5                        functab      0000
ltemp0a                          (abs)        0080
main@adc_reg_val_1               cstackBANK0  0027
main@adc_reg_val_2               cstackBANK0  0029
read_adc@adc_reg_val             cstackCOMMON 0073
read_adc@channel                 cstackCOMMON 0075
reset_vec                        reset_vec    0000
start                            init         0000
start_initialization             cinit        07FC
ttemp0a                          (abs)        007F
wtemp0                           (abs)        007E
wtemp0a                          (abs)        007F


MODULE INFORMATION

Module		Function		Class		Link	Load	Size
/opt/microchip/xc8/v3.10/pic/sources/c99/common/lwmod.c
		___lwmod       		CODE           	067A	0000	56

/opt/microchip/xc8/v3.10/pic/sources/c99/common/lwmod.c estimated size: 56

adc.c
		_init_adc      		CODE           	05A0	0000	7
		_read_adc      		CODE           	05C8	0000	31

adc.c estimated size: 38

shared
		__stringtab    		STRING         	0003	0000	16
		__initialization		CODE           	07FC	0000	1

shared estimated size: 17

clcd.c
		_clcd_write    		CODE           	0644	0000	54
		_clcd_print    		CODE           	0615	0000	47
		_init_display_controller		CODE           	06F4	0000	99
		_init_clcd     		CODE           	05A7	0000	11

clcd.c estimated size: 211

/opt/microchip/xc8/v3.10/pic/sources/c99/common/lwdiv.c
		___lwdiv       		CODE           	06B2	0000	66

/opt/microchip/xc8/v3.10/pic/sources/c99/common/lwdiv.c estimated size: 66

main.c
		_display       		CODE           	0757	0000	165
		_main          		CODE           	05E7	0000	46
		_init_config   		CODE           	05B2	0000	22

main.c estimated size: 233

