Microchip MPLAB XC8 Compiler V3.10

Linker command line:

-W-3 --edf=/opt/microchip/xc8/v3.10/pic/dat/20250813170317_en.msgs -cn \
  -h+dist/default/production/Driver-Interrupt.X.production.sym \
  --cmf=dist/default/production/Driver-Interrupt.X.production.cmf -z \
  -Q16F877A -o/tmp/xcXKpdHOi/driver_tmp_3.o --defsym=__MPLAB_BUILD=1 \
  --fixupoverflow=error \
  -Mdist/default/production/Driver-Interrupt.X.production.map \
  --md=/tmp/xcXKpdHOi/driver_tmp_0.dat -E1 -ver=XC8 Compiler \
  -ACODE=00h-07FFhx4 -ASTRCODE=00h-01FFFh -ASTRING=00h-0FFhx32 \
  -ACONST=00h-0FFhx32 -AENTRY=00h-0FFhx32 -ACOMMON=070h-07Fh \
  -ABANK0=020h-06Fh -ABANK1=0A0h-0EFh -ABANK2=0110h-016Fh \
  -ABANK3=0190h-01EFh -ARAM=020h-06Fh,0A0h-0EFh,0110h-016Fh,0190h-01EFh \
  -AABS1=020h-07Fh,0A0h-0EFh,0110h-016Fh,0190h-01EFh -ASFR0=00h-01Fh \
  -ASFR1=080h-09Fh -ASFR2=0100h-010Fh -ASFR3=0180h-018Fh \
  -ACONFIG=02007h-02007h -DCONFIG=2 -AIDLOC=02000h-02003h -DIDLOC=2 \
  -AEEDATA=00h-0FFh/02100h -peeprom_data=EEDATA -DEEDATA=2 -DCODE=2 \
  -DSTRCODE=2 -DSTRING=2 -DCONST=2 -DENTRY=2 \
  -preset_vec=00h,intentry=04h,sivt,init,end_init -ppowerup=CODE \
  -pcinit=CODE -pfunctab=ENTRY -k /tmp/xcXKpdHOi/driver_tmp_12.o \
  dist/default/production/Driver-Interrupt.X.production.o 

Object code version is 3.11

Machine type is 16F877A



                Name                               Link     Load   Length Selector   Space Scale
/tmp/xcXKpdHOi/driver_tmp_12.o
                end_init                              C        C        3        8       0
                reset_vec                             0        0        3        0       0
                config                             2007     2007        1        0       4
                idloc                              2000     2000        4        0       5
dist/default/production/Driver-Interrupt.X.production.o
                cinit                                 F        F        7        8       0
                intentry                              4        4        8        8       0
                config                             2007     2007        1        0       4
                idloc                              2000     2000        4        0       5
                text6                               130      130       15      260       0
                text5                                16       16       66        8       0
                text4                                AD       AD       31        8       0
                text3                               145      145        B      260       0
                text2                                FD       FD       1C        8       0
                text1                                DE       DE       1F        8       0
                maintext                             7C       7C       31        8       0
                cstackBANK0                          20       20        F       20       1
                cstackCOMMON                         70       70        B       70       1
                bssBANK0                             2F       2F        1       20       1
                strings                             119      119       17      232       0

TOTAL           Name                               Link     Load   Length     Space
        CLASS   CODE           
                end_init                              C        C        3         0
                cinit                                 F        F        7         0
                intentry                              4        4        8         0
                reset_vec                             0        0        3         0
                text6                               130      130       15         0
                text5                                16       16       66         0
                text4                                AD       AD       31         0
                text3                               145      145        B         0
                text2                                FD       FD       1C         0
                text1                                DE       DE       1F         0
                maintext                             7C       7C       31         0

        CLASS   STRCODE        

        CLASS   STRING         
                strings                             119      119       17         0

        CLASS   CONST          

        CLASS   ENTRY          

        CLASS   COMMON         
                cstackCOMMON                         70       70        B         1

        CLASS   BANK0          
                cstackBANK0                          20       20        F         1
                bssBANK0                             2F       2F        1         1

        CLASS   BANK1          

        CLASS   BANK2          

        CLASS   BANK3          

        CLASS   RAM            

        CLASS   ABS1           
                abs_s1                               7E       7E        2         1

        CLASS   SFR0           

        CLASS   SFR1           

        CLASS   SFR2           

        CLASS   SFR3           

        CLASS   CONFIG         
                config                             2007     2007        1         4

        CLASS   IDLOC          
                idloc                              2000     2000        4         5

        CLASS   EEDATA         

        CLASS   HEAP           

        CLASS   STACK          



SEGMENTS        Name                           Load    Length   Top    Selector   Space  Class     Delta

                strings                        000119  000017  000130       232       0  STRING      2
                cstackBANK0                    000020  000010  000030        20       1  BANK0       1
                reset_vec                      000000  000003  000003         0       0  CODE        2
                text6                          000130  000020  000150       260       0  CODE        2
                cstackCOMMON                   000070  00000B  00007B        70       1  COMMON      1
                intentry                       000004  000115  000119         8       0  CODE        2


UNUSED ADDRESS RANGES

        Name                Unused          Largest block    Delta
        BANK0            0030-006F             40           1
        BANK1            00A0-00EF             50           1
        BANK2            0110-016F             60           1
        BANK3            0190-01EF             60           1
        CODE             0003-0003              1           2
                         0150-1FFF            800
        COMMON           007B-007D              3           1
        CONST            0003-0003              1           2
                         0150-1FFF            100
        EEDATA           2100-21FF            100           2
        ENTRY            0003-0003              1           2
                         0150-1FFF            100
        RAM              0030-006F             40           1
                         00A0-00EF             50
                         0110-016F             60
                         0190-01EF             60
        SFR0             0000-001F             20           1
        SFR1             0080-009F             20           1
        SFR2             0100-010F             10           1
        SFR3             0180-018F             10           1
        STRCODE          0003-0003              1           2
                         0150-1FFF           1EB0
        STRING           0003-0003              1           2
                         0150-1FFF            100

                                  Symbol Table

?___lldiv                cstackCOMMON 0072
_CREN                    (abs)        00C4
_GIE                     (abs)        005F
_OERR                    (abs)        00C1
_PEIE                    (abs)        005E
_PORTD                   (abs)        0008
_RCIE                    (abs)        0465
_RCIF                    (abs)        0065
_RCREG                   (abs)        001A
_RD0                     (abs)        0040
_SPBRG                   (abs)        0099
_SPEN                    (abs)        00C7
_TRISD                   (abs)        0088
_TXIF                    (abs)        0064
_TXREG                   (abs)        0019
__H__absolute__          __absolute__ 0000
__Habs1                  abs1         0000
__Hbank0                 bank0        0000
__Hbank1                 bank1        0000
__Hbank2                 bank2        0000
__Hbank3                 bank3        0000
__HbssBANK0              bssBANK0     0000
__Hcinit                 cinit        0016
__Hclrtext               clrtext      0000
__Hcode                  code         0000
__Hcommon                common       0000
__Hconfig                config       2008
__HcstackBANK0           cstackBANK0  0000
__HcstackCOMMON          cstackCOMMON 0000
__Heeprom_data           eeprom_data  0000
__Hend_init              end_init     000F
__Hfunctab               functab      0000
__Hheap                  heap         0000
__Hidloc                 idloc        2004
__Hinit                  init         000C
__Hintentry              intentry     000C
__Hmaintext              maintext     0000
__Hpowerup               powerup      0000
__Hram                   ram          0000
__Hreset_vec             reset_vec    0003
__Hsfr0                  sfr0         0000
__Hsfr1                  sfr1         0000
__Hsfr2                  sfr2         0000
__Hsfr3                  sfr3         0000
__Hsivt                  sivt         000C
__Hspace_0               (abs)        0150
__Hspace_1               (abs)        007B
__Hspace_2               (abs)        0000
__Hspace_3               (abs)        0000
__Hspace_4               (abs)        400F
__Hstack                 stack        0000
__Hstrings               strings      0000
__Htext                  text         0000
__L__absolute__          __absolute__ 0000
__Labs1                  abs1         0000
__Lbank0                 bank0        0000
__Lbank1                 bank1        0000
__Lbank2                 bank2        0000
__Lbank3                 bank3        0000
__LbssBANK0              bssBANK0     0000
__Lcinit                 cinit        000F
__Lclrtext               clrtext      0000
__Lcode                  code         0000
__Lcommon                common       0000
__Lconfig                config       0000
__LcstackBANK0           cstackBANK0  0000
__LcstackCOMMON          cstackCOMMON 0000
__Leeprom_data           eeprom_data  0000
__Lend_init              end_init     000C
__Lfunctab               functab      0000
__Lheap                  heap         0000
__Lidloc                 idloc        0000
__Linit                  init         000C
__Lintentry              intentry     0004
__Lmaintext              maintext     0000
__Lpowerup               powerup      0000
__Lram                   ram          0000
__Lreset_vec             reset_vec    0000
__Lsfr0                  sfr0         0000
__Lsfr1                  sfr1         0000
__Lsfr2                  sfr2         0000
__Lsfr3                  sfr3         0000
__Lsivt                  sivt         000C
__Lspace_0               (abs)        0000
__Lspace_1               (abs)        0000
__Lspace_2               (abs)        0000
__Lspace_3               (abs)        0000
__Lspace_4               (abs)        0000
__Lstack                 stack        0000
__Lstrings               strings      0000
__Ltext                  text         0000
__S0                     (abs)        0150
__S1                     (abs)        007B
__S3                     (abs)        0000
___heap_hi               (abs)        0000
___heap_lo               (abs)        0000
___int_sp                stack        0000
___int_stack_hi          stack        0000
___int_stack_lo          stack        0000
___latbits               (abs)        0002
___lldiv                 text5        0016
___lldiv@counter         cstackBANK0  0024
___lldiv@dividend        cstackCOMMON 0076
___lldiv@divisor         cstackCOMMON 0072
___lldiv@quotient        cstackBANK0  0020
___sp                    stack        0000
___stack_hi              stack        0000
___stack_lo              stack        0000
___stackhi               (abs)        0000
___stacklo               (abs)        0000
__end_of___lldiv         text5        007C
__end_of__initialization cinit        0012
__end_of__stringtab      strings      011F
__end_of_init_config     text1        00FD
__end_of_init_uart       text4        00DE
__end_of_isr             text6        0145
__end_of_main            maintext     00AD
__end_of_putchar         text3        0150
__end_of_puts            text2        0119
__initialization         cinit        000F
__pbssBANK0              bssBANK0     002F
__pcstackBANK0           cstackBANK0  0020
__pcstackCOMMON          cstackCOMMON 0070
__pintentry              intentry     0004
__pmaintext              maintext     007C
__pstrings               strings      0119
__ptext1                 text1        00DE
__ptext2                 text2        00FD
__ptext3                 text3        0145
__ptext4                 text4        00AD
__ptext5                 text5        0016
__ptext6                 text6        0130
__stringbase             strings      011E
__stringtab              strings      0119
_ch                      bssBANK0     002F
_init_config             text1        00DE
_init_uart               text4        00AD
_isr                     text6        0130
_main                    maintext     007C
_putchar                 text3        0145
_puts                    text2        00FD
btemp                    (abs)        007E
btemp0                   (abs)        007E
btemp1                   (abs)        007F
end_of_initialization    cinit        0012
init_uart@baud           cstackBANK0  0025
interrupt_function       intentry     0004
intlevel0                functab      0000
intlevel1                functab      0000
intlevel2                functab      0000
intlevel3                functab      0000
intlevel4                functab      0000
intlevel5                functab      0000
ltemp0a                  (abs)        0080
main@wait                cstackBANK0  002D
putchar@data             cstackCOMMON 0072
puts@s                   cstackCOMMON 0073
reset_vec                reset_vec    0000
saved_w                  (abs)        007E
start                    init         000C
start_initialization     cinit        000F
ttemp0a                  (abs)        007F
wtemp0                   (abs)        007E
wtemp0a                  (abs)        007F


MODULE INFORMATION

Module		Function		Class		Link	Load	Size
uart.c
		_init_uart     		CODE           	00AD	0000	49
		_puts          		CODE           	00FD	0000	28
		_putchar       		CODE           	0145	0000	11

uart.c estimated size: 88

isr.c
		_isr           		CODE           	0130	0000	21

isr.c estimated size: 21

shared
		__stringtab    		STRING         	0119	0000	6
		__initialization		CODE           	000F	0000	3

shared estimated size: 9

/opt/microchip/xc8/v3.10/pic/sources/c99/common/__lldiv.c
		___lldiv       		CODE           	0016	0000	102

/opt/microchip/xc8/v3.10/pic/sources/c99/common/__lldiv.c estimated size: 102

main.c
		_main          		CODE           	007C	0000	49
		_init_config   		CODE           	00DE	0000	31

main.c estimated size: 80

