Microchip MPLAB XC8 Compiler V3.10

Linker command line:

-W-3 --edf=/opt/microchip/xc8/v3.10/pic/dat/20250813170317_en.msgs -cn \
  -h+dist/default/production/Driver-Polling.X.production.sym \
  --cmf=dist/default/production/Driver-Polling.X.production.cmf -z \
  -Q16F877A -o/tmp/xcXBkIeNe/driver_tmp_3.o --defsym=__MPLAB_BUILD=1 \
  --fixupoverflow=error \
  -Mdist/default/production/Driver-Polling.X.production.map \
  --md=/tmp/xcXBkIeNe/driver_tmp_0.dat -E1 -ver=XC8 Compiler \
  -ACODE=00h-07FFhx4 -ASTRCODE=00h-01FFFh -ASTRING=00h-0FFhx32 \
  -ACONST=00h-0FFhx32 -AENTRY=00h-0FFhx32 -ACOMMON=070h-07Fh \
  -ABANK0=020h-06Fh -ABANK1=0A0h-0EFh -ABANK2=0110h-016Fh \
  -ABANK3=0190h-01EFh -ARAM=020h-06Fh,0A0h-0EFh,0110h-016Fh,0190h-01EFh \
  -AABS1=020h-07Fh,0A0h-0EFh,0110h-016Fh,0190h-01EFh -ASFR0=00h-01Fh \
  -ASFR1=080h-09Fh -ASFR2=0100h-010Fh -ASFR3=0180h-018Fh \
  -ACONFIG=02007h-02007h -DCONFIG=2 -AIDLOC=02000h-02003h -DIDLOC=2 \
  -AEEDATA=00h-0FFh/02100h -peeprom_data=EEDATA -DEEDATA=2 -DCODE=2 \
  -DSTRCODE=2 -DSTRING=2 -DCONST=2 -DENTRY=2 \
  -preset_vec=00h,intentry,sivt,init,end_init -ppowerup=CODE -pcinit=CODE \
  -pfunctab=ENTRY -k /tmp/xcXBkIeNe/driver_tmp_12.o \
  dist/default/production/Driver-Polling.X.production.o 

Object code version is 3.11

Machine type is 16F877A



                Name                               Link     Load   Length Selector   Space Scale
/tmp/xcXBkIeNe/driver_tmp_12.o
                end_init                              0        0        3        0       0
                config                             2007     2007        1        0       4
                idloc                              2000     2000        4        0       5
dist/default/production/Driver-Polling.X.production.o
                cinit                               7FC      7FC        4      FF8       0
                config                             2007     2007        1        0       4
                idloc                              2000     2000        4        0       5
                text6                               700      700        9      E00       0
                text5                               798      798       64      F30       0
                text4                               75E      75E       3A      EBC       0
                text3                               709      709        B      E12       0
                text2                               742      742       1C      E84       0
                text1                               714      714       17      E28       0
                maintext                            72B      72B       17      E56       0
                cstackBANK0                          20       20        9       20       1
                cstackCOMMON                         70       70        E       70       1
                strings                               3        3       17        6       0

TOTAL           Name                               Link     Load   Length     Space
        CLASS   CODE           
                end_init                              0        0        3         0
                cinit                               7FC      7FC        4         0
                text6                               700      700        9         0
                text5                               798      798       64         0
                text4                               75E      75E       3A         0
                text3                               709      709        B         0
                text2                               742      742       1C         0
                text1                               714      714       17         0
                maintext                            72B      72B       17         0

        CLASS   STRCODE        

        CLASS   STRING         
                strings                               3        3       17         0

        CLASS   CONST          

        CLASS   ENTRY          

        CLASS   COMMON         
                cstackCOMMON                         70       70        E         1

        CLASS   BANK0          
                cstackBANK0                          20       20        9         1

        CLASS   BANK1          

        CLASS   BANK2          

        CLASS   BANK3          

        CLASS   RAM            

        CLASS   ABS1           
                abs_s1                               7E       7E        2         1

        CLASS   SFR0           

        CLASS   SFR1           

        CLASS   SFR2           

        CLASS   SFR3           

        CLASS   CONFIG         
                config                             2007     2007        1         4

        CLASS   IDLOC          
                idloc                              2000     2000        4         5

        CLASS   EEDATA         

        CLASS   HEAP           

        CLASS   STACK          



SEGMENTS        Name                           Load    Length   Top    Selector   Space  Class     Delta

                text2                          000742  00001C  00075E       E84       0  CODE        2
                maintext                       00072B  000017  000742       E56       0  CODE        2
                strings                        000003  000017  00001A         6       0  STRING      2
                text4                          00075E  00003A  000798       EBC       0  CODE        2
                reset_vec                      000000  000003  000003         0       0  CODE        2
                text5                          000798  000064  0007FC       F30       0  CODE        2
                text1                          000714  000017  00072B       E28       0  CODE        2
                text3                          000709  00000B  000714       E12       0  CODE        2
                text6                          000700  000009  000709       E00       0  CODE        2
                cstackBANK0                    000020  000009  000029        20       1  BANK0       1
                cinit                          0007FC  000004  000800       FF8       0  CODE        2
                cstackCOMMON                   000070  00000E  00007E        70       1  COMMON      1


UNUSED ADDRESS RANGES

        Name                Unused          Largest block    Delta
        BANK0            0029-006F             47           1
        BANK1            00A0-00EF             50           1
        BANK2            0110-016F             60           1
        BANK3            0190-01EF             60           1
        CODE             001A-06FF            6E6           2
                         0800-1FFF            800
        CONST            001A-06FF            100           2
                         0800-1FFF            100
        EEDATA           2100-21FF            100           2
        ENTRY            001A-06FF            100           2
                         0800-1FFF            100
        RAM              0029-006F             47           1
                         00A0-00EF             50
                         0110-016F             60
                         0190-01EF             60
        SFR0             0000-001F             20           1
        SFR1             0080-009F             20           1
        SFR2             0100-010F             10           1
        SFR3             0180-018F             10           1
        STRCODE          001A-06FF            6E6           2
                         0800-1FFF           1800
        STRING           001A-06FF            100           2
                         0800-1FFF            100

                                  Symbol Table

?___lldiv                cstackCOMMON 0070
_BRGH                    (abs)        04C2
_CREN                    (abs)        00C4
_RCIF                    (abs)        0065
_RCREG                   (abs)        001A
_SPBRG                   (abs)        0099
_SPEN                    (abs)        00C7
_TXEN                    (abs)        04C5
_TXIF                    (abs)        0064
_TXREG                   (abs)        0019
__H__absolute__          __absolute__ 0000
__Habs1                  abs1         0000
__Hbank0                 bank0        0000
__Hbank1                 bank1        0000
__Hbank2                 bank2        0000
__Hbank3                 bank3        0000
__Hcinit                 cinit        0800
__Hclrtext               clrtext      0000
__Hcode                  code         0000
__Hcommon                common       0000
__Hconfig                config       2008
__HcstackBANK0           cstackBANK0  0000
__HcstackCOMMON          cstackCOMMON 0000
__Heeprom_data           eeprom_data  0000
__Hend_init              end_init     0003
__Hfunctab               functab      0000
__Hheap                  heap         0000
__Hidloc                 idloc        2004
__Hinit                  init         0000
__Hintentry              intentry     0000
__Hmaintext              maintext     0000
__Hpowerup               powerup      0000
__Hram                   ram          0000
__Hreset_vec             reset_vec    0000
__Hsfr0                  sfr0         0000
__Hsfr1                  sfr1         0000
__Hsfr2                  sfr2         0000
__Hsfr3                  sfr3         0000
__Hsivt                  sivt         0000
__Hspace_0               (abs)        0800
__Hspace_1               (abs)        007E
__Hspace_2               (abs)        0000
__Hspace_3               (abs)        0000
__Hspace_4               (abs)        400F
__Hstack                 stack        0000
__Hstrings               strings      0000
__Htext                  text         0000
__L__absolute__          __absolute__ 0000
__Labs1                  abs1         0000
__Lbank0                 bank0        0000
__Lbank1                 bank1        0000
__Lbank2                 bank2        0000
__Lbank3                 bank3        0000
__Lcinit                 cinit        07FC
__Lclrtext               clrtext      0000
__Lcode                  code         0000
__Lcommon                common       0000
__Lconfig                config       0000
__LcstackBANK0           cstackBANK0  0000
__LcstackCOMMON          cstackCOMMON 0000
__Leeprom_data           eeprom_data  0000
__Lend_init              end_init     0000
__Lfunctab               functab      0000
__Lheap                  heap         0000
__Lidloc                 idloc        0000
__Linit                  init         0000
__Lintentry              intentry     0000
__Lmaintext              maintext     0000
__Lpowerup               powerup      0000
__Lram                   ram          0000
__Lreset_vec             reset_vec    0000
__Lsfr0                  sfr0         0000
__Lsfr1                  sfr1         0000
__Lsfr2                  sfr2         0000
__Lsfr3                  sfr3         0000
__Lsivt                  sivt         0000
__Lspace_0               (abs)        0000
__Lspace_1               (abs)        0000
__Lspace_2               (abs)        0000
__Lspace_3               (abs)        0000
__Lspace_4               (abs)        0000
__Lstack                 stack        0000
__Lstrings               strings      0000
__Ltext                  text         0000
__S0                     (abs)        0800
__S1                     (abs)        007E
__S3                     (abs)        0000
___heap_hi               (abs)        0000
___heap_lo               (abs)        0000
___int_sp                stack        0000
___int_stack_hi          stack        0000
___int_stack_lo          stack        0000
___latbits               (abs)        0002
___lldiv                 text5        0798
___lldiv@counter         cstackCOMMON 007D
___lldiv@dividend        cstackCOMMON 0074
___lldiv@divisor         cstackCOMMON 0070
___lldiv@quotient        cstackCOMMON 0079
___sp                    stack        0000
___stack_hi              stack        0000
___stack_lo              stack        0000
___stackhi               (abs)        0000
___stacklo               (abs)        0000
__end_of___lldiv         text5        07FC
__end_of__initialization cinit        07FC
__end_of__stringtab      strings      0009
__end_of_getchar         text6        0709
__end_of_init_config     text1        072B
__end_of_init_uart       text4        0798
__end_of_main            maintext     0742
__end_of_putchar         text3        0714
__end_of_puts            text2        075E
__initialization         cinit        07FC
__pcstackBANK0           cstackBANK0  0020
__pcstackCOMMON          cstackCOMMON 0070
__pmaintext              maintext     072B
__pstrings               strings      0003
__ptext1                 text1        0714
__ptext2                 text2        0742
__ptext3                 text3        0709
__ptext4                 text4        075E
__ptext5                 text5        0798
__ptext6                 text6        0700
__stringbase             strings      0008
__stringtab              strings      0003
_getchar                 text6        0700
_init_config             text1        0714
_init_uart               text4        075E
_main                    maintext     072B
_putchar                 text3        0709
_puts                    text2        0742
btemp                    (abs)        007E
btemp0                   (abs)        007E
btemp1                   (abs)        007F
end_of_initialization    cinit        07FC
init_uart@baud           cstackBANK0  0020
intlevel0                functab      0000
intlevel1                functab      0000
intlevel2                functab      0000
intlevel3                functab      0000
intlevel4                functab      0000
intlevel5                functab      0000
ltemp0a                  (abs)        0080
main@ch                  cstackBANK0  0028
putchar@data             cstackCOMMON 0070
puts@s                   cstackCOMMON 0071
reset_vec                reset_vec    0000
start                    init         0000
start_initialization     cinit        07FC
ttemp0a                  (abs)        007F
wtemp0                   (abs)        007E
wtemp0a                  (abs)        007F


MODULE INFORMATION

Module		Function		Class		Link	Load	Size
uart.c
		_init_uart     		CODE           	075E	0000	58
		_getchar       		CODE           	0700	0000	9
		_puts          		CODE           	0742	0000	28
		_putchar       		CODE           	0709	0000	11

uart.c estimated size: 106

shared
		__stringtab    		STRING         	0003	0000	6
		__initialization		CODE           	07FC	0000	1

shared estimated size: 7

/opt/microchip/xc8/v3.10/pic/sources/c99/common/__lldiv.c
		___lldiv       		CODE           	0798	0000	100

/opt/microchip/xc8/v3.10/pic/sources/c99/common/__lldiv.c estimated size: 100

main.c
		_main          		CODE           	072B	0000	23
		_init_config   		CODE           	0714	0000	23

main.c estimated size: 46

