Microchip MPLAB XC8 Compiler V3.10

Linker command line:

-W-3 --edf=/opt/microchip/xc8/v3.10/pic/dat/20250813170317_en.msgs -cn \
  -h+dist/default/production/InternalEEPROM.X.production.sym \
  --cmf=dist/default/production/InternalEEPROM.X.production.cmf -z \
  -Q16F877A -o/tmp/xcXjPhLmG/driver_tmp_3.o --defsym=__MPLAB_BUILD=1 \
  --fixupoverflow=error \
  -Mdist/default/production/InternalEEPROM.X.production.map \
  --md=/tmp/xcXjPhLmG/driver_tmp_0.dat -E1 -ver=XC8 Compiler \
  -ACODE=00h-07FFhx4 -ASTRCODE=00h-01FFFh -ASTRING=00h-0FFhx32 \
  -ACONST=00h-0FFhx32 -AENTRY=00h-0FFhx32 -ACOMMON=070h-07Fh \
  -ABANK0=020h-06Fh -ABANK1=0A0h-0EFh -ABANK2=0110h-016Fh \
  -ABANK3=0190h-01EFh -ARAM=020h-06Fh,0A0h-0EFh,0110h-016Fh,0190h-01EFh \
  -AABS1=020h-07Fh,0A0h-0EFh,0110h-016Fh,0190h-01EFh -ASFR0=00h-01Fh \
  -ASFR1=080h-09Fh -ASFR2=0100h-010Fh -ASFR3=0180h-018Fh \
  -ACONFIG=02007h-02007h -DCONFIG=2 -AIDLOC=02000h-02003h -DIDLOC=2 \
  -AEEDATA=00h-0FFh/02100h -peeprom_data=EEDATA -DEEDATA=2 -DCODE=2 \
  -DSTRCODE=2 -DSTRING=2 -DCONST=2 -DENTRY=2 \
  -preset_vec=00h,intentry,sivt,init,end_init -ppowerup=CODE -pcinit=CODE \
  -pfunctab=ENTRY -k /tmp/xcXjPhLmG/driver_tmp_18.o \
  dist/default/production/InternalEEPROM.X.production.o 

Object code version is 3.11

Machine type is 16F877A



                Name                               Link     Load   Length Selector   Space Scale
/tmp/xcXjPhLmG/driver_tmp_18.o
                end_init                              0        0        3        0       0
                config                             2007     2007        1        0       4
                idloc                              2000     2000        4        0       5
dist/default/production/InternalEEPROM.X.production.o
                cinit                               7ED      7ED       13      FDA       0
                config                             2007     2007        1        0       4
                idloc                              2000     2000        4        0       5
                text10                              6D7      6D7       63      DAE       0
                text9                               680      680       57      D00       0
                text8                               616      616       33      C2C       0
                text7                               5AC      5AC       15      B58       0
                text6                               5EB      5EB       2B      BD6       0
                text5                               649      649       37      C92       0
                text4                               571      571        6      AE2       0
                text3                               58D      58D        C      B1A       0
                text2                               577      577        B      AEE       0
                text1                               5C1      5C1       2A      B82       0
                maintext                            73A      73A       B3      E74       0
                cstackBANK0                          20       20       14       20       1
                cstackCOMMON                         70       70        E       70       1
                inittext                            599      599       13      B32       0
                dataBANK0                            34       34        B       20       1
                bssBANK0                             3F       3F        1       20       1
                idataBANK0                          582      582        B      B04       0

TOTAL           Name                               Link     Load   Length     Space
        CLASS   CODE           
                end_init                              0        0        3         0
                cinit                               7ED      7ED       13         0
                text10                              6D7      6D7       63         0
                text9                               680      680       57         0
                text8                               616      616       33         0
                text7                               5AC      5AC       15         0
                text6                               5EB      5EB       2B         0
                text5                               649      649       37         0
                text4                               571      571        6         0
                text3                               58D      58D        C         0
                text2                               577      577        B         0
                text1                               5C1      5C1       2A         0
                maintext                            73A      73A       B3         0
                inittext                            599      599       13         0
                idataBANK0                          582      582        B         0

        CLASS   STRCODE        

        CLASS   STRING         

        CLASS   CONST          

        CLASS   ENTRY          

        CLASS   COMMON         
                cstackCOMMON                         70       70        E         1

        CLASS   BANK0          
                cstackBANK0                          20       20       14         1
                dataBANK0                            34       34        B         1
                bssBANK0                             3F       3F        1         1

        CLASS   BANK1          

        CLASS   BANK2          

        CLASS   BANK3          

        CLASS   RAM            

        CLASS   ABS1           
                abs_s1                               7E       7E        2         1

        CLASS   SFR0           

        CLASS   SFR1           

        CLASS   SFR2           

        CLASS   SFR3           

        CLASS   CONFIG         
                config                             2007     2007        1         4

        CLASS   IDLOC          
                idloc                              2000     2000        4         5

        CLASS   EEDATA         

        CLASS   HEAP           

        CLASS   STACK          



SEGMENTS        Name                           Load    Length   Top    Selector   Space  Class     Delta

                inittext                       000599  000013  0005AC       B32       0  CODE        2
                text1                          0005C1  00002A  0005EB       B82       0  CODE        2
                text7                          0005AC  000015  0005C1       B58       0  CODE        2
                reset_vec                      000000  000003  000003         0       0  CODE        2
                text3                          00058D  00000C  000599       B1A       0  CODE        2
                text6                          0005EB  00002B  000616       BD6       0  CODE        2
                text8                          000616  000033  000649       C2C       0  CODE        2
                text2                          000577  00000B  000582       AEE       0  CODE        2
                text4                          000571  000006  000577       AE2       0  CODE        2
                idataBANK0                     000582  00000B  00058D       B04       0  CODE        2
                text5                          000649  000037  000680       C92       0  CODE        2
                cstackBANK0                    000020  000020  000040        20       1  BANK0       1
                cinit                          0007ED  000013  000800       FDA       0  CODE        2
                cstackCOMMON                   000070  00000E  00007E        70       1  COMMON      1
                text10                         0006D7  000063  00073A       DAE       0  CODE        2
                text9                          000680  000057  0006D7       D00       0  CODE        2
                maintext                       00073A  0000B3  0007ED       E74       0  CODE        2


UNUSED ADDRESS RANGES

        Name                Unused          Largest block    Delta
        BANK0            0040-006F             30           1
        BANK1            00A0-00EF             50           1
        BANK2            0110-016F             60           1
        BANK3            0190-01EF             60           1
        CODE             0003-0570            56E           2
                         0800-1FFF            800
        CONST            0003-0570            100           2
                         0800-1FFF            100
        EEDATA           2100-21FF            100           2
        ENTRY            0003-0570            100           2
                         0800-1FFF            100
        RAM              0040-006F             30           1
                         00A0-00EF             50
                         0110-016F             60
                         0190-01EF             60
        SFR0             0000-001F             20           1
        SFR1             0080-009F             20           1
        SFR2             0100-010F             10           1
        SFR3             0180-018F             10           1
        STRCODE          0003-0570            56E           2
                         0800-1FFF           1800
        STRING           0003-0570            100           2
                         0800-1FFF            100

                                  Symbol Table

?___awdiv                    cstackCOMMON 0070
?___awmod                    cstackCOMMON 0078
_EEADR                       (abs)        010D
_EECON1                      (abs)        018C
_EECON1bits                  (abs)        018C
_EECON2                      (abs)        018D
_EEDATA                      (abs)        010C
_INTCONbits                  (abs)        000B
_PORTA                       (abs)        0005
_PORTB                       (abs)        0006
_PORTD                       (abs)        0008
_STATUSbits                  (abs)        0003
_TRISA                       (abs)        0085
_TRISB                       (abs)        0086
_TRISD                       (abs)        0088
__H__absolute__              __absolute__ 0000
__Habs1                      abs1         0000
__Hbank0                     bank0        0000
__Hbank1                     bank1        0000
__Hbank2                     bank2        0000
__Hbank3                     bank3        0000
__HbssBANK0                  bssBANK0     0000
__Hcinit                     cinit        0800
__Hclrtext                   clrtext      0000
__Hcode                      code         0000
__Hcommon                    common       0000
__Hconfig                    config       2008
__HcstackBANK0               cstackBANK0  0000
__HcstackCOMMON              cstackCOMMON 0000
__HdataBANK0                 dataBANK0    0000
__Heeprom_data               eeprom_data  0000
__Hend_init                  end_init     0003
__Hfunctab                   functab      0000
__Hheap                      heap         0000
__HidataBANK0                idataBANK0   0000
__Hidloc                     idloc        2004
__Hinit                      init         0000
__Hinittext                  inittext     0000
__Hintentry                  intentry     0000
__Hmaintext                  maintext     0000
__Hpowerup                   powerup      0000
__Hram                       ram          0000
__Hreset_vec                 reset_vec    0000
__Hsfr0                      sfr0         0000
__Hsfr1                      sfr1         0000
__Hsfr2                      sfr2         0000
__Hsfr3                      sfr3         0000
__Hsivt                      sivt         0000
__Hspace_0                   (abs)        0800
__Hspace_1                   (abs)        007E
__Hspace_2                   (abs)        0000
__Hspace_3                   (abs)        0000
__Hspace_4                   (abs)        400F
__Hstack                     stack        0000
__Hstrings                   strings      0000
__Htext                      text         0000
__L__absolute__              __absolute__ 0000
__Labs1                      abs1         0000
__Lbank0                     bank0        0000
__Lbank1                     bank1        0000
__Lbank2                     bank2        0000
__Lbank3                     bank3        0000
__LbssBANK0                  bssBANK0     0000
__Lcinit                     cinit        07ED
__Lclrtext                   clrtext      0000
__Lcode                      code         0000
__Lcommon                    common       0000
__Lconfig                    config       0000
__LcstackBANK0               cstackBANK0  0000
__LcstackCOMMON              cstackCOMMON 0000
__LdataBANK0                 dataBANK0    0000
__Leeprom_data               eeprom_data  0000
__Lend_init                  end_init     0000
__Lfunctab                   functab      0000
__Lheap                      heap         0000
__LidataBANK0                idataBANK0   0000
__Lidloc                     idloc        0000
__Linit                      init         0000
__Linittext                  inittext     0000
__Lintentry                  intentry     0000
__Lmaintext                  maintext     0000
__Lpowerup                   powerup      0000
__Lram                       ram          0000
__Lreset_vec                 reset_vec    0000
__Lsfr0                      sfr0         0000
__Lsfr1                      sfr1         0000
__Lsfr2                      sfr2         0000
__Lsfr3                      sfr3         0000
__Lsivt                      sivt         0000
__Lspace_0                   (abs)        0000
__Lspace_1                   (abs)        0000
__Lspace_2                   (abs)        0000
__Lspace_3                   (abs)        0000
__Lspace_4                   (abs)        0000
__Lstack                     stack        0000
__Lstrings                   strings      0000
__Ltext                      text         0000
__S0                         (abs)        0800
__S1                         (abs)        007E
__S3                         (abs)        0000
___awdiv                     text10       06D7
___awdiv@counter             cstackCOMMON 0074
___awdiv@dividend            cstackCOMMON 0072
___awdiv@divisor             cstackCOMMON 0070
___awdiv@quotient            cstackCOMMON 0076
___awdiv@sign                cstackCOMMON 0075
___awmod                     text9        0680
___awmod@counter             cstackCOMMON 007C
___awmod@dividend            cstackCOMMON 007A
___awmod@divisor             cstackCOMMON 0078
___awmod@sign                cstackCOMMON 007D
___heap_hi                   (abs)        0000
___heap_lo                   (abs)        0000
___int_sp                    stack        0000
___int_stack_hi              stack        0000
___int_stack_lo              stack        0000
___latbits                   (abs)        0002
___sp                        stack        0000
___stack_hi                  stack        0000
___stack_lo                  stack        0000
___stackhi                   (abs)        0000
___stacklo                   (abs)        0000
__end_of___awdiv             text10       073A
__end_of___awmod             text9        06D7
__end_of__initialization     cinit        07FC
__end_of_display             text8        0649
__end_of_eeprom_read         text7        05C1
__end_of_eeprom_test         text5        0680
__end_of_eeprom_write        text6        0616
__end_of_init_config         text2        0582
__end_of_init_digital_keypad text4        0577
__end_of_init_ssd            text3        0599
__end_of_main                maintext     07ED
__end_of_read_digital_keypad text1        05EB
__initialization             cinit        07ED
__pbssBANK0                  bssBANK0     003F
__pcstackBANK0               cstackBANK0  0020
__pcstackCOMMON              cstackCOMMON 0070
__pdataBANK0                 dataBANK0    0034
__pidataBANK0                idataBANK0   0582
__pmaintext                  maintext     073A
__ptext1                     text1        05C1
__ptext10                    text10       06D7
__ptext2                     text2        0577
__ptext3                     text3        058D
__ptext4                     text4        0571
__ptext5                     text5        0649
__ptext6                     text6        05EB
__ptext7                     text7        05AC
__ptext8                     text8        0616
__ptext9                     text9        0680
_display                     text8        0616
_eeprom_read                 text7        05AC
_eeprom_test                 text5        0649
_eeprom_write                text6        05EB
_init_config                 text2        0577
_init_digital_keypad         text4        0571
_init_ssd                    text3        058D
_main                        maintext     073A
_read_digital_keypad         text1        05C1
btemp                        (abs)        007E
btemp0                       (abs)        007E
btemp1                       (abs)        007F
display@data                 cstackCOMMON 0070
display@digit                cstackCOMMON 0074
display@wait                 cstackCOMMON 0072
eeprom_read@addr             cstackCOMMON 0070
eeprom_test@count            bssBANK0     003F
eeprom_test@key              cstackCOMMON 0072
eeprom_write@addr            cstackCOMMON 0071
eeprom_write@value           cstackCOMMON 0070
end_of_initialization        cinit        07FC
init_fetch0                  inittext     0599
init_ram0                    inittext     059D
intlevel0                    functab      0000
intlevel1                    functab      0000
intlevel2                    functab      0000
intlevel3                    functab      0000
intlevel4                    functab      0000
intlevel5                    functab      0000
ltemp0a                      (abs)        0080
main@F994                    dataBANK0    0034
main@count                   cstackBANK0  0033
main@digits                  cstackBANK0  0024
main@key                     cstackBANK0  0032
main@ssd                     cstackBANK0  002E
read_digital_keypad@mode     cstackCOMMON 0071
read_digital_keypad@once     dataBANK0    003E
reset_vec                    reset_vec    0000
start                        init         0000
start_initialization         cinit        07ED
ttemp0a                      (abs)        007F
wtemp0                       (abs)        007E
wtemp0a                      (abs)        007F


MODULE INFORMATION

Module		Function		Class		Link	Load	Size
ssd.c
		_init_ssd      		CODE           	058D	0000	12
		_display       		CODE           	0616	0000	51

ssd.c estimated size: 63

/opt/microchip/xc8/v3.10/pic/sources/c99/pic/__eeread.c
		_eeprom_read   		CODE           	05AC	0000	21

/opt/microchip/xc8/v3.10/pic/sources/c99/pic/__eeread.c estimated size: 21

digital_keypad.c
		_init_digital_keypad		CODE           	0571	0000	6
		_read_digital_keypad		CODE           	05C1	0000	42

digital_keypad.c estimated size: 48

/opt/microchip/xc8/v3.10/pic/sources/c99/common/awmod.c
		___awmod       		CODE           	0680	0000	87

/opt/microchip/xc8/v3.10/pic/sources/c99/common/awmod.c estimated size: 87

/opt/microchip/xc8/v3.10/pic/sources/c99/pic/__eewrite.c
		_eeprom_write  		CODE           	05EB	0000	43

/opt/microchip/xc8/v3.10/pic/sources/c99/pic/__eewrite.c estimated size: 43

shared
		__initialization		CODE           	07ED	0000	15

shared estimated size: 15

/opt/microchip/xc8/v3.10/pic/sources/c99/common/awdiv.c
		___awdiv       		CODE           	06D7	0000	99

/opt/microchip/xc8/v3.10/pic/sources/c99/common/awdiv.c estimated size: 99

main.c
		_main          		CODE           	073A	0000	179
		_init_config   		CODE           	0577	0000	11
		_eeprom_test   		CODE           	0649	0000	55

main.c estimated size: 245

